
> asset-vector@0.1.0 build
> next build

Γû▓ Next.js 16.1.6 (Turbopack)
- Environments: .env.local, .env

node.exe : ΓÜá The "middleware" file convention is deprecated. Please use 
"proxy" instead. Learn more: 
https://nextjs.org/docs/messages/middleware-to-proxy
At line:1 char:1
+ & "C:\nvm4w\nodejs/node.exe" "C:\nvm4w\nodejs/node_modules/npm/bin/np ...
+ ~~~~~~~~~~~~~~~~~~~~~~~~~~~~~~~~~~~~~~~~~~~~~~~~~~~~~~~~~~~~~~~~~~~~~
    + CategoryInfo          : NotSpecified: (ΓÜá The "middle...leware-to-p 
   roxy:String) [], RemoteException
    + FullyQualifiedErrorId : NativeCommandError
 
  Creating an optimized production build ...
Γ£ô Compiled successfully in 13.0s
  Running TypeScript ...
Failed to compile.

./scripts/check-cache.ts:1:30
Type error: Cannot find module './lib/cache' or its corresponding type 
declarations.

[0m[31m[1m>[22m[39m[90m 1 |[39m [36mimport[39m { getFromCache } 
[36mfrom[39m [32m'./lib/cache'[39m[33m;[39m
 [90m   |[39m                              [31m[1m^[22m[39m
 [90m 2 |[39m
 [90m 3 |[39m [36masync[39m [36mfunction[39m test() {
 [90m 4 |[39m   [36mconst[39m [33mCACHE_KEY[39m [33m=[39m 
[32m"market_pulse_data_v2"[39m[33m;[39m[0m
Next.js build worker exited with code: 1 and signal: null
