
[1m[46m RUN [49m[22m [36mv4.0.18 [39m[90mC:/Projects/Asset-Vector[39m

[90mstdout[2m | tests/locks.test.ts
[22m[39m[dotenv@17.3.1] injecting env (5) from .env.local -- tip: ⚡️ secrets for agents: https://dotenvx.com/as2
[dotenv@17.3.1] injecting env (3) from .env -- tip: 🤖 agentic secret storage: https://dotenvx.com/as2

[90mstdout[2m | lib/technical-analysis.test.ts
[22m[39m[dotenv@17.3.1] injecting env (5) from .env.local -- tip: 🔐 prevent building .env in docker: https://dotenvx.com/prebuild
[dotenv@17.3.1] injecting env (3) from .env -- tip: 🛡️ auth for agents: https://vestauth.com

[90mstdout[2m | tests/inference.test.ts
[22m[39m[dotenv@17.3.1] injecting env (5) from .env.local -- tip: 🤖 agentic secret storage: https://dotenvx.com/as2
[dotenv@17.3.1] injecting env (3) from .env -- tip: 🔐 prevent committing .env to code: https://dotenvx.com/precommit

[90mstdout[2m | tests/monte-carlo.test.ts
[22m[39m[dotenv@17.3.1] injecting env (5) from .env.local -- tip: ⚙️  override existing env vars with { override: true }
[dotenv@17.3.1] injecting env (3) from .env -- tip: ⚙️  override existing env vars with { override: true }

[90mstdout[2m | tests/technical-analysis.test.ts
[22m[39m[dotenv@17.3.1] injecting env (5) from .env.local -- tip: ⚙️  specify custom .env file path with { path: '/custom/path/.env' }
[dotenv@17.3.1] injecting env (3) from .env -- tip: 🔐 prevent building .env in docker: https://dotenvx.com/prebuild

[90mstdout[2m | tests/pruning.test.ts
[22m[39m[dotenv@17.3.1] injecting env (5) from .env.local -- tip: ⚙️  load multiple .env files with { path: ['.env.local', '.env'] }
[dotenv@17.3.1] injecting env (3) from .env -- tip: ⚡️ secrets for agents: https://dotenvx.com/as2

[90mstdout[2m | tests/stress.test.ts
[22m[39m[dotenv@17.3.1] injecting env (5) from .env.local -- tip: ⚡️ secrets for agents: https://dotenvx.com/as2
[dotenv@17.3.1] injecting env (3) from .env -- tip: ⚙️  specify custom .env file path with { path: '/custom/path/.env' }

[90mstdout[2m | tests/valuation.test.ts
[22m[39m[dotenv@17.3.1] injecting env (5) from .env.local -- tip: 🔐 prevent building .env in docker: https://dotenvx.com/prebuild
[dotenv@17.3.1] injecting env (3) from .env -- tip: 🔐 prevent committing .env to code: https://dotenvx.com/precommit

[90mstdout[2m | tests/integrity.test.ts
[22m[39m[dotenv@17.3.1] injecting env (5) from .env.local -- tip: 🤖 agentic secret storage: https://dotenvx.com/as2
[dotenv@17.3.1] injecting env (3) from .env -- tip: ⚙️  override existing env vars with { override: true }

[90mstdout[2m | lib/valuation.test.ts
[22m[39m[dotenv@17.3.1] injecting env (5) from .env.local -- tip: ⚙️  specify custom .env file path with { path: '/custom/path/.env' }
[dotenv@17.3.1] injecting env (3) from .env -- tip: 🤖 agentic secret storage: https://dotenvx.com/as2

[90mstdout[2m | tests/macro-analysis.test.ts
[22m[39m[dotenv@17.3.1] injecting env (5) from .env.local -- tip: 🛡️ auth for agents: https://vestauth.com
[dotenv@17.3.1] injecting env (3) from .env -- tip: 🔐 prevent building .env in docker: https://dotenvx.com/prebuild

[90mstdout[2m | tests/precision-audit-v4.test.ts
[22m[39m[dotenv@17.3.1] injecting env (5) from .env.local -- tip: 🛡️ auth for agents: https://vestauth.com
[dotenv@17.3.1] injecting env (3) from .env -- tip: 🔐 encrypt with Dotenvx: https://dotenvx.com

[90mstdout[2m | tests/alpha-engine.test.ts
[22m[39m[dotenv@17.3.1] injecting env (5) from .env.local -- tip: ⚙️  enable debug logging with { debug: true }
[dotenv@17.3.1] injecting env (3) from .env -- tip: ⚡️ secrets for agents: https://dotenvx.com/as2

[90mstdout[2m | tests/actions.test.ts
[22m[39m[dotenv@17.3.1] injecting env (5) from .env.local -- tip: ⚙️  override existing env vars with { override: true }
[dotenv@17.3.1] injecting env (3) from .env -- tip: 🛠️  run anywhere with `dotenvx run -- yourcommand`

 [32m✓[39m lib/technical-analysis.test.ts[2m > [22mTechnical Analysis Algorithm[2m > [22mreturns invalid structure when data is insufficient (< 30 periods)[32m 3[2mms[22m[39m
 [32m✓[39m lib/technical-analysis.test.ts[2m > [22mTechnical Analysis Algorithm[2m > [22mcalculates proper confluence for a strong, steady uptrend[32m 9[2mms[22m[39m
 [32m✓[39m lib/technical-analysis.test.ts[2m > [22mTechnical Analysis Algorithm[2m > [22mcalculates proper confluence for a vicious downtrend[32m 3[2mms[22m[39m
 [32m✓[39m tests/technical-analysis.test.ts[2m > [22mTechnical Analysis Indicator Engine[2m > [22mdetects a Volatility Squeeze in low-volatility periods[32m 10[2mms[22m[39m
 [32m✓[39m tests/technical-analysis.test.ts[2m > [22mTechnical Analysis Indicator Engine[2m > [22mcalculates confluence score correctly from MACD and RSI[32m 4[2mms[22m[39m
[90mstdout[2m | tests/surgical-wealth-v2.test.ts
[22m[39m[dotenv@17.3.1] injecting env (5) from .env.local -- tip: ⚙️  specify custom .env file path with { path: '/custom/path/.env' }
[dotenv@17.3.1] injecting env (3) from .env -- tip: ⚡️ secrets for agents: https://dotenvx.com/as2

 [32m✓[39m tests/valuation.test.ts[2m > [22mValuation Models[2m > [22mcalculateDCF[2m > [22mcorrectly calculates intrinsic value for a mature growth company[32m 3[2mms[22m[39m
 [32m✓[39m tests/valuation.test.ts[2m > [22mValuation Models[2m > [22mcalculateDCF[2m > [22mreturns invalid result when discount rate is less than terminal growth rate[32m 1[2mms[22m[39m
 [32m✓[39m tests/valuation.test.ts[2m > [22mValuation Models[2m > [22mcalculateGrahamNumber[2m > [22mcalculates the correct value based on Graham formula[32m 1[2mms[22m[39m
 [32m✓[39m tests/valuation.test.ts[2m > [22mValuation Models[2m > [22mcalculateGrahamNumber[2m > [22mfails for negative EPS or BVPS[32m 0[2mms[22m[39m
 [32m✓[39m tests/valuation.test.ts[2m > [22mValuation Models[2m > [22mcalculatePeterLynchFairValue[2m > [22mapplies the growth rate cap and floor[32m 1[2mms[22m[39m
 [32m✓[39m tests/valuation.test.ts[2m > [22mValuation Models[2m > [22mcalculatePeterLynchFairValue[2m > [22mfails for non-positive EPS[32m 0[2mms[22m[39m
 [32m✓[39m lib/valuation.test.ts[2m > [22mValuation Models[2m > [22mGraham Number[2m > [22mcalculates the correct Graham Number for positive inputs[32m 3[2mms[22m[39m
 [32m✓[39m lib/valuation.test.ts[2m > [22mValuation Models[2m > [22mGraham Number[2m > [22mreturns invalid for negative or zero EPS[32m 0[2mms[22m[39m
 [32m✓[39m lib/valuation.test.ts[2m > [22mValuation Models[2m > [22mGraham Number[2m > [22mreturns invalid for negative or zero BVPS[32m 0[2mms[22m[39m
 [32m✓[39m lib/valuation.test.ts[2m > [22mValuation Models[2m > [22mGraham Number[2m > [22mreturns invalid for null inputs[32m 0[2mms[22m[39m
 [32m✓[39m lib/valuation.test.ts[2m > [22mValuation Models[2m > [22mPeter Lynch Fair Value[2m > [22mcalculates the correct Lynch Fair Value for normal growth[32m 1[2mms[22m[39m
 [32m✓[39m lib/valuation.test.ts[2m > [22mValuation Models[2m > [22mPeter Lynch Fair Value[2m > [22mcaps growth rate at 40% (0.4)[32m 0[2mms[22m[39m
 [32m✓[39m lib/valuation.test.ts[2m > [22mValuation Models[2m > [22mPeter Lynch Fair Value[2m > [22mfloors growth rate at 5% (0.05)[32m 0[2mms[22m[39m
 [32m✓[39m lib/valuation.test.ts[2m > [22mValuation Models[2m > [22mPeter Lynch Fair Value[2m > [22mhandles negative or zero EPS properly[32m 0[2mms[22m[39m
 [32m✓[39m lib/valuation.test.ts[2m > [22mValuation Models[2m > [22mPeter Lynch Fair Value[2m > [22mreturns valid false when inputs are null[32m 0[2mms[22m[39m
 [32m✓[39m tests/monte-carlo.test.ts[2m > [22mMonte Carlo Simulation[2m > [22mreturns an empty invalid result if there are less than 30 days of history[32m 3[2mms[22m[39m
 [32m✓[39m tests/monte-carlo.test.ts[2m > [22mMonte Carlo Simulation[2m > [22mreturns an empty invalid result if current price is zero or negative[32m 0[2mms[22m[39m
 [32m✓[39m tests/monte-carlo.test.ts[2m > [22mMonte Carlo Simulation[2m > [22mcalculates a valid simulation for normal 30+ day data[32m 2[2mms[22m[39m
 [32m✓[39m tests/monte-carlo.test.ts[2m > [22mMonte Carlo Simulation[2m > [22mhandles flat prices (zero volatility) without crashing (division by zero)[32m 1[2mms[22m[39m
 [32m✓[39m tests/integrity.test.ts[2m > [22mData Integrity Engine - Outlier Removal (lib/math)[2m > [22mshould clean a single bad print spike[32m 3[2mms[22m[39m
 [32m✓[39m tests/integrity.test.ts[2m > [22mData Integrity Engine - Outlier Removal (lib/math)[2m > [22mshould not mutate stable data[32m 2[2mms[22m[39m
 [32m✓[39m tests/integrity.test.ts[2m > [22mData Integrity Engine - Outlier Removal (lib/math)[2m > [22mshould handle small datasets gracefully[32m 0[2mms[22m[39m
 [32m✓[39m tests/integrity.test.ts[2m > [22mData Integrity Engine - Outlier Removal (lib/math)[2m > [22mshould handle extreme outlier clusters by interpolating neighbors[32m 0[2mms[22m[39m
 [32m✓[39m tests/macro-analysis.test.ts[2m > [22mMacro Analysis Engine[2m > [22midentifies Goldilocks regime (Low Inflation, Positive Yield Curve)[32m 3[2mms[22m[39m
 [32m✓[39m tests/macro-analysis.test.ts[2m > [22mMacro Analysis Engine[2m > [22midentifies Recession (Inverted Curve, Rising Unemployment)[32m 1[2mms[22m[39m
 [32m✓[39m tests/macro-analysis.test.ts[2m > [22mMacro Analysis Engine[2m > [22mderives correct implications for Stagflation[32m 2[2mms[22m[39m
 [32m✓[39m tests/macro-analysis.test.ts[2m > [22mMacro Analysis Engine[2m > [22mderives correct implications for Recession[32m 1[2mms[22m[39m
 [32m✓[39m tests/alpha-engine.test.ts[2m > [22mAlpha Engine Scoring Scanners[2m > [22mtriggers the MOMENTUM scanner for trending assets[32m 3[2mms[22m[39m
 [32m✓[39m tests/alpha-engine.test.ts[2m > [22mAlpha Engine Scoring Scanners[2m > [22mtriggers the VALUE scanner for inexpensive assets with high sentiment[32m 1[2mms[22m[39m
 [32m✓[39m tests/alpha-engine.test.ts[2m > [22mAlpha Engine Scoring Scanners[2m > [22mtriggers the UNCORRELATED scanner for low-beta movers[32m 1[2mms[22m[39m
 [32m✓[39m tests/alpha-engine.test.ts[2m > [22mAlpha Engine Scoring Scanners[2m > [22mreturns score 0 and no scanner if no criteria met[32m 0[2mms[22m[39m
 [32m✓[39m tests/precision-audit-v4.test.ts[2m > [22mSurgical Wealth v4.4 Precision Audit[2m > [22mOrder Flow 2.0: Mitigation Mapping[2m > [22mshould correctly mark bullish zones as mitigated when price returns[32m 3[2mms[22m[39m
 [32m✓[39m tests/precision-audit-v4.test.ts[2m > [22mSurgical Wealth v4.4 Precision Audit[2m > [22mOrder Flow 2.0: Mitigation Mapping[2m > [22mshould keep zones "fresh" (unmitigated) if price stays away[32m 1[2mms[22m[39m
 [32m✓[39m tests/precision-audit-v4.test.ts[2m > [22mSurgical Wealth v4.4 Precision Audit[2m > [22mNarrative Guard: Integrity Scoring[2m > [22mshould detect conflicts when a screamer headline lacks authoritative consensus[32m 2[2mms[22m[39m
 [32m✓[39m tests/precision-audit-v4.test.ts[2m > [22mSurgical Wealth v4.4 Precision Audit[2m > [22mNarrative Guard: Integrity Scoring[2m > [22mshould verify high integrity when headlines are aligned across authoritative sources[32m 1[2mms[22m[39m
[90mstderr[2m | tests/locks.test.ts[2m > [22m[2mDistributed Lock Engine (lib/locks)[2m > [22m[2mshould acquire a new lock successfully
[22m[39m          
        ************************************************************
        *                                                          *
        *  WARNING: Running SQL directly from the browser can have *
        *  security implications. Even if your database is         *
        *  protected by Row-Level Security (RLS), use it at your   *
        *  own risk. This approach is great for fast prototyping,  *
        *  but ensure proper safeguards are in place to prevent    *
        *  misuse or execution of expensive SQL queries by your    *
        *  end users.                                              *
        *                                                          *
        *  If you've assessed the risks, suppress this message     *
        *  using the disableWarningInBrowsers configuration        *
        *  parameter.                                              *
        *                                                          *
        ************************************************************

 [32m✓[39m tests/surgical-wealth-v2.test.ts[2m > [22mSurgical Wealth v2.0 Verification[2m > [22mCache Precision & Isolation[2m > [22mshould ensure reference isolation using structuredClone[32m 4[2mms[22m[39m
 [32m✓[39m tests/surgical-wealth-v2.test.ts[2m > [22mSurgical Wealth v2.0 Verification[2m > [22mSynthesis Narrative Poisoning Guard[2m > [22mshould redistribute weights when narrative data is insufficient[32m 1[2mms[22m[39m
 [32m✓[39m tests/surgical-wealth-v2.test.ts[2m > [22mSurgical Wealth v2.0 Verification[2m > [22mMathematical Data Integrity[2m > [22mshould handle zero prices without corrupting returns[32m 1[2mms[22m[39m
[90mstderr[2m | tests/pruning.test.ts[2m > [22m[2mData Hygiene - Pruning (app/actions/signals)[2m > [22m[2mshould prune old evaluated signals but keep recent ones
[22m[39m          
        ************************************************************
        *                                                          *
        *  WARNING: Running SQL directly from the browser can have *
        *  security implications. Even if your database is         *
        *  protected by Row-Level Security (RLS), use it at your   *
        *  own risk. This approach is great for fast prototyping,  *
        *  but ensure proper safeguards are in place to prevent    *
        *  misuse or execution of expensive SQL queries by your    *
        *  end users.                                              *
        *                                                          *
        *  If you've assessed the risks, suppress this message     *
        *  using the disableWarningInBrowsers configuration        *
        *  parameter.                                              *
        *                                                          *
        ************************************************************

[90mstderr[2m | tests/inference.test.ts[2m > [22m[2mInference Engine - Circuit Breaker (lib/inference)[2m > [22m[2mshould reset failure count on success
[22m[39m[Market Data] Yahoo batch quote fetch failed for 17 symbols: Cannot read properties of undefined (reading 'getSetCookie')

[90mstderr[2m | tests/inference.test.ts[2m > [22m[2mInference Engine - Circuit Breaker (lib/inference)[2m > [22m[2mshould reset failure count on success
[22m[39m[Market Data] Chart fetch failed or timed out for SPY: Cannot read properties of undefined (reading 'getSetCookie')

 [31m×[39m tests/inference.test.ts[2m > [22mInference Engine - Circuit Breaker (lib/inference)[2m > [22mshould reset failure count on success[32m 27[2mms[22m[39m
[31m   → expected 2 to be +0 // Object.is equality[39m
 [31m×[39m tests/inference.test.ts[2m > [22mInference Engine - Circuit Breaker (lib/inference)[2m > [22mshould trip the circuit after 3 failures[32m 1[2mms[22m[39m
[31m   → expected null to be 1 // Object.is equality[39m
 [32m✓[39m tests/inference.test.ts[2m > [22mInference Engine - Circuit Breaker (lib/inference)[2m > [22mshould bypass fetch immediately if circuit is tripped[32m 1[2mms[22m[39m
 [31m×[39m tests/inference.test.ts[2m > [22mInference Engine - Circuit Breaker (lib/inference)[2m > [22mshould timeout and return fallback without tripping circuit on single timeout[32m 1[2mms[22m[39m
[31m   → expected null to be 1 // Object.is equality[39m
 [32m✓[39m tests/actions.test.ts[2m > [22mServer Actions[2m > [22mgetMarketSignals[2m > [22mreturns empty array if DB watchlist is empty[32m 2[2mms[22m[39m
 [32m✓[39m tests/actions.test.ts[2m > [22mServer Actions[2m > [22mgetMarketSignals[2m > [22mreturns DB tickers if available[32m 2[2mms[22m[39m
 [32m✓[39m tests/actions.test.ts[2m > [22mServer Actions[2m > [22maddAsset[2m > [22msuccessfully adds an asset[32m 1[2mms[22m[39m
 [32m✓[39m tests/actions.test.ts[2m > [22mServer Actions[2m > [22maddAsset[2m > [22mfails if limit is reached[32m 0[2mms[22m[39m
 [32m✓[39m tests/actions.test.ts[2m > [22mServer Actions[2m > [22mremoveAsset[2m > [22msuccessfully removes an asset[32m 0[2mms[22m[39m
[90mstdout[2m | tests/whale-radar.test.ts
[22m[39m[dotenv@17.3.1] injecting env (5) from .env.local -- tip: ⚙️  write to custom object with { processEnv: myObject }
[dotenv@17.3.1] injecting env (3) from .env -- tip: 🤖 agentic secret storage: https://dotenvx.com/as2

[90mstdout[2m | tests/dcf.test.ts
[22m[39m[dotenv@17.3.1] injecting env (5) from .env.local -- tip: 🛠️  run anywhere with `dotenvx run -- yourcommand`
[dotenv@17.3.1] injecting env (3) from .env -- tip: ⚙️  load multiple .env files with { path: ['.env.local', '.env'] }

 [32m✓[39m tests/dcf.test.ts[2m > [22mDiscounted Cash Flow Model[2m > [22mcalculates the correct DCF values for normal inputs[32m 2[2mms[22m[39m
 [32m✓[39m tests/dcf.test.ts[2m > [22mDiscounted Cash Flow Model[2m > [22mhandles discount rate lower than terminal growth rate defensively[32m 0[2mms[22m[39m
 [32m✓[39m tests/dcf.test.ts[2m > [22mDiscounted Cash Flow Model[2m > [22mhandles invalid outstanding shares defensively[32m 0[2mms[22m[39m
 [32m✓[39m tests/whale-radar.test.ts[2m > [22mWhale Radar Engine[2m > [22mdetects a bullish consensus when insiders buy[32m 2[2mms[22m[39m
 [32m✓[39m tests/whale-radar.test.ts[2m > [22mWhale Radar Engine[2m > [22mdetects a cluster buy (3+ unique buyers)[32m 0[2mms[22m[39m
 [32m✓[39m tests/whale-radar.test.ts[2m > [22mWhale Radar Engine[2m > [22mdetects distribution when institutions sell[32m 0[2mms[22m[39m
 [32m✓[39m tests/whale-radar.test.ts[2m > [22mWhale Radar Engine[2m > [22mremains neutral with mixed or no data[32m 0[2mms[22m[39m
[90mstderr[2m | tests/pruning.test.ts[2m > [22m[2mData Hygiene - Pruning (app/actions/signals)[2m > [22m[2mshould prune old evaluated signals but keep recent ones
[22m[39m          
        ************************************************************
        *                                                          *
        *  WARNING: Running SQL directly from the browser can have *
        *  security implications. Even if your database is         *
        *  protected by Row-Level Security (RLS), use it at your   *
        *  own risk. This approach is great for fast prototyping,  *
        *  but ensure proper safeguards are in place to prevent    *
        *  misuse or execution of expensive SQL queries by your    *
        *  end users.                                              *
        *                                                          *
        *  If you've assessed the risks, suppress this message     *
        *  using the disableWarningInBrowsers configuration        *
        *  parameter.                                              *
        *                                                          *
        ************************************************************

[90mstderr[2m | tests/locks.test.ts[2m > [22m[2mDistributed Lock Engine (lib/locks)[2m > [22m[2mshould acquire a new lock successfully
[22m[39m          
        ************************************************************
        *                                                          *
        *  WARNING: Running SQL directly from the browser can have *
        *  security implications. Even if your database is         *
        *  protected by Row-Level Security (RLS), use it at your   *
        *  own risk. This approach is great for fast prototyping,  *
        *  but ensure proper safeguards are in place to prevent    *
        *  misuse or execution of expensive SQL queries by your    *
        *  end users.                                              *
        *                                                          *
        *  If you've assessed the risks, suppress this message     *
        *  using the disableWarningInBrowsers configuration        *
        *  parameter.                                              *
        *                                                          *
        ************************************************************

[90mstderr[2m | tests/pruning.test.ts[2m > [22m[2mData Hygiene - Pruning (app/actions/signals)[2m > [22m[2mshould prune old evaluated signals but keep recent ones
[22m[39m          
        ************************************************************
        *                                                          *
        *  WARNING: Running SQL directly from the browser can have *
        *  security implications. Even if your database is         *
        *  protected by Row-Level Security (RLS), use it at your   *
        *  own risk. This approach is great for fast prototyping,  *
        *  but ensure proper safeguards are in place to prevent    *
        *  misuse or execution of expensive SQL queries by your    *
        *  end users.                                              *
        *                                                          *
        *  If you've assessed the risks, suppress this message     *
        *  using the disableWarningInBrowsers configuration        *
        *  parameter.                                              *
        *                                                          *
        ************************************************************

[90mstderr[2m | tests/locks.test.ts[2m > [22m[2mDistributed Lock Engine (lib/locks)[2m > [22m[2mshould acquire a new lock successfully
[22m[39m          
        ************************************************************
        *                                                          *
        *  WARNING: Running SQL directly from the browser can have *
        *  security implications. Even if your database is         *
        *  protected by Row-Level Security (RLS), use it at your   *
        *  own risk. This approach is great for fast prototyping,  *
        *  but ensure proper safeguards are in place to prevent    *
        *  misuse or execution of expensive SQL queries by your    *
        *  end users.                                              *
        *                                                          *
        *  If you've assessed the risks, suppress this message     *
        *  using the disableWarningInBrowsers configuration        *
        *  parameter.                                              *
        *                                                          *
        ************************************************************

[90mstderr[2m | tests/pruning.test.ts[2m > [22m[2mData Hygiene - Pruning (app/actions/signals)[2m > [22m[2mshould prune old evaluated signals but keep recent ones
[22m[39m          
        ************************************************************
        *                                                          *
        *  WARNING: Running SQL directly from the browser can have *
        *  security implications. Even if your database is         *
        *  protected by Row-Level Security (RLS), use it at your   *
        *  own risk. This approach is great for fast prototyping,  *
        *  but ensure proper safeguards are in place to prevent    *
        *  misuse or execution of expensive SQL queries by your    *
        *  end users.                                              *
        *                                                          *
        *  If you've assessed the risks, suppress this message     *
        *  using the disableWarningInBrowsers configuration        *
        *  parameter.                                              *
        *                                                          *
        ************************************************************

[90mstderr[2m | tests/locks.test.ts[2m > [22m[2mDistributed Lock Engine (lib/locks)[2m > [22m[2mshould acquire a new lock successfully
[22m[39m          
        ************************************************************
        *                                                          *
        *  WARNING: Running SQL directly from the browser can have *
        *  security implications. Even if your database is         *
        *  protected by Row-Level Security (RLS), use it at your   *
        *  own risk. This approach is great for fast prototyping,  *
        *  but ensure proper safeguards are in place to prevent    *
        *  misuse or execution of expensive SQL queries by your    *
        *  end users.                                              *
        *                                                          *
        *  If you've assessed the risks, suppress this message     *
        *  using the disableWarningInBrowsers configuration        *
        *  parameter.                                              *
        *                                                          *
        ************************************************************

[90mstderr[2m | tests/pruning.test.ts[2m > [22m[2mData Hygiene - Pruning (app/actions/signals)[2m > [22m[2mshould prune old evaluated signals but keep recent ones
[22m[39m          
        ************************************************************
        *                                                          *
        *  WARNING: Running SQL directly from the browser can have *
        *  security implications. Even if your database is         *
        *  protected by Row-Level Security (RLS), use it at your   *
        *  own risk. This approach is great for fast prototyping,  *
        *  but ensure proper safeguards are in place to prevent    *
        *  misuse or execution of expensive SQL queries by your    *
        *  end users.                                              *
        *                                                          *
        *  If you've assessed the risks, suppress this message     *
        *  using the disableWarningInBrowsers configuration        *
        *  parameter.                                              *
        *                                                          *
        ************************************************************

[90mstderr[2m | tests/locks.test.ts[2m > [22m[2mDistributed Lock Engine (lib/locks)[2m > [22m[2mshould fail to acquire if lock is already active
[22m[39m          
        ************************************************************
        *                                                          *
        *  WARNING: Running SQL directly from the browser can have *
        *  security implications. Even if your database is         *
        *  protected by Row-Level Security (RLS), use it at your   *
        *  own risk. This approach is great for fast prototyping,  *
        *  but ensure proper safeguards are in place to prevent    *
        *  misuse or execution of expensive SQL queries by your    *
        *  end users.                                              *
        *                                                          *
        *  If you've assessed the risks, suppress this message     *
        *  using the disableWarningInBrowsers configuration        *
        *  parameter.                                              *
        *                                                          *
        ************************************************************

[90mstderr[2m | tests/pruning.test.ts[2m > [22m[2mData Hygiene - Pruning (app/actions/signals)[2m > [22m[2mshould prune old evaluated signals but keep recent ones
[22m[39m          
        ************************************************************
        *                                                          *
        *  WARNING: Running SQL directly from the browser can have *
        *  security implications. Even if your database is         *
        *  protected by Row-Level Security (RLS), use it at your   *
        *  own risk. This approach is great for fast prototyping,  *
        *  but ensure proper safeguards are in place to prevent    *
        *  misuse or execution of expensive SQL queries by your    *
        *  end users.                                              *
        *                                                          *
        *  If you've assessed the risks, suppress this message     *
        *  using the disableWarningInBrowsers configuration        *
        *  parameter.                                              *
        *                                                          *
        ************************************************************

 [32m✓[39m tests/locks.test.ts[2m > [22mDistributed Lock Engine (lib/locks)[2m > [22mshould acquire a new lock successfully[33m 1841[2mms[22m[39m
[90mstderr[2m | tests/locks.test.ts[2m > [22m[2mDistributed Lock Engine (lib/locks)[2m > [22m[2mshould fail to acquire if lock is already active
[22m[39m          
        ************************************************************
        *                                                          *
        *  WARNING: Running SQL directly from the browser can have *
        *  security implications. Even if your database is         *
        *  protected by Row-Level Security (RLS), use it at your   *
        *  own risk. This approach is great for fast prototyping,  *
        *  but ensure proper safeguards are in place to prevent    *
        *  misuse or execution of expensive SQL queries by your    *
        *  end users.                                              *
        *                                                          *
        *  If you've assessed the risks, suppress this message     *
        *  using the disableWarningInBrowsers configuration        *
        *  parameter.                                              *
        *                                                          *
        ************************************************************

[90mstdout[2m | tests/pruning.test.ts[2m > [22m[2mData Hygiene - Pruning (app/actions/signals)[2m > [22m[2mshould prune old evaluated signals but keep recent ones
[22m[39m[Data Hygiene] Pruned old signal records.

[90mstderr[2m | tests/pruning.test.ts[2m > [22m[2mData Hygiene - Pruning (app/actions/signals)[2m > [22m[2mshould prune old evaluated signals but keep recent ones
[22m[39m          
        ************************************************************
        *                                                          *
        *  WARNING: Running SQL directly from the browser can have *
        *  security implications. Even if your database is         *
        *  protected by Row-Level Security (RLS), use it at your   *
        *  own risk. This approach is great for fast prototyping,  *
        *  but ensure proper safeguards are in place to prevent    *
        *  misuse or execution of expensive SQL queries by your    *
        *  end users.                                              *
        *                                                          *
        *  If you've assessed the risks, suppress this message     *
        *  using the disableWarningInBrowsers configuration        *
        *  parameter.                                              *
        *                                                          *
        ************************************************************

[90mstderr[2m | tests/locks.test.ts[2m > [22m[2mDistributed Lock Engine (lib/locks)[2m > [22m[2mshould fail to acquire if lock is already active
[22m[39m          
        ************************************************************
        *                                                          *
        *  WARNING: Running SQL directly from the browser can have *
        *  security implications. Even if your database is         *
        *  protected by Row-Level Security (RLS), use it at your   *
        *  own risk. This approach is great for fast prototyping,  *
        *  but ensure proper safeguards are in place to prevent    *
        *  misuse or execution of expensive SQL queries by your    *
        *  end users.                                              *
        *                                                          *
        *  If you've assessed the risks, suppress this message     *
        *  using the disableWarningInBrowsers configuration        *
        *  parameter.                                              *
        *                                                          *
        ************************************************************

[90mstderr[2m | tests/pruning.test.ts[2m > [22m[2mData Hygiene - Pruning (app/actions/signals)[2m > [22m[2mshould prune old evaluated signals but keep recent ones
[22m[39m          
        ************************************************************
        *                                                          *
        *  WARNING: Running SQL directly from the browser can have *
        *  security implications. Even if your database is         *
        *  protected by Row-Level Security (RLS), use it at your   *
        *  own risk. This approach is great for fast prototyping,  *
        *  but ensure proper safeguards are in place to prevent    *
        *  misuse or execution of expensive SQL queries by your    *
        *  end users.                                              *
        *                                                          *
        *  If you've assessed the risks, suppress this message     *
        *  using the disableWarningInBrowsers configuration        *
        *  parameter.                                              *
        *                                                          *
        ************************************************************

[90mstderr[2m | tests/locks.test.ts[2m > [22m[2mDistributed Lock Engine (lib/locks)[2m > [22m[2mshould fail to acquire if lock is already active
[22m[39m          
        ************************************************************
        *                                                          *
        *  WARNING: Running SQL directly from the browser can have *
        *  security implications. Even if your database is         *
        *  protected by Row-Level Security (RLS), use it at your   *
        *  own risk. This approach is great for fast prototyping,  *
        *  but ensure proper safeguards are in place to prevent    *
        *  misuse or execution of expensive SQL queries by your    *
        *  end users.                                              *
        *                                                          *
        *  If you've assessed the risks, suppress this message     *
        *  using the disableWarningInBrowsers configuration        *
        *  parameter.                                              *
        *                                                          *
        ************************************************************

 [32m✓[39m tests/pruning.test.ts[2m > [22mData Hygiene - Pruning (app/actions/signals)[2m > [22mshould prune old evaluated signals but keep recent ones[33m 1981[2mms[22m[39m
[90mstderr[2m | tests/locks.test.ts[2m > [22m[2mDistributed Lock Engine (lib/locks)[2m > [22m[2mshould allow acquisition if existing lock is expired
[22m[39m          
        ************************************************************
        *                                                          *
        *  WARNING: Running SQL directly from the browser can have *
        *  security implications. Even if your database is         *
        *  protected by Row-Level Security (RLS), use it at your   *
        *  own risk. This approach is great for fast prototyping,  *
        *  but ensure proper safeguards are in place to prevent    *
        *  misuse or execution of expensive SQL queries by your    *
        *  end users.                                              *
        *                                                          *
        *  If you've assessed the risks, suppress this message     *
        *  using the disableWarningInBrowsers configuration        *
        *  parameter.                                              *
        *                                                          *
        ************************************************************

 [32m✓[39m tests/locks.test.ts[2m > [22mDistributed Lock Engine (lib/locks)[2m > [22mshould fail to acquire if lock is already active[33m 523[2mms[22m[39m
[90mstderr[2m | tests/locks.test.ts[2m > [22m[2mDistributed Lock Engine (lib/locks)[2m > [22m[2mshould allow acquisition if existing lock is expired
[22m[39m          
        ************************************************************
        *                                                          *
        *  WARNING: Running SQL directly from the browser can have *
        *  security implications. Even if your database is         *
        *  protected by Row-Level Security (RLS), use it at your   *
        *  own risk. This approach is great for fast prototyping,  *
        *  but ensure proper safeguards are in place to prevent    *
        *  misuse or execution of expensive SQL queries by your    *
        *  end users.                                              *
        *                                                          *
        *  If you've assessed the risks, suppress this message     *
        *  using the disableWarningInBrowsers configuration        *
        *  parameter.                                              *
        *                                                          *
        ************************************************************

[90mstderr[2m | tests/locks.test.ts[2m > [22m[2mDistributed Lock Engine (lib/locks)[2m > [22m[2mshould allow acquisition if existing lock is expired
[22m[39m          
        ************************************************************
        *                                                          *
        *  WARNING: Running SQL directly from the browser can have *
        *  security implications. Even if your database is         *
        *  protected by Row-Level Security (RLS), use it at your   *
        *  own risk. This approach is great for fast prototyping,  *
        *  but ensure proper safeguards are in place to prevent    *
        *  misuse or execution of expensive SQL queries by your    *
        *  end users.                                              *
        *                                                          *
        *  If you've assessed the risks, suppress this message     *
        *  using the disableWarningInBrowsers configuration        *
        *  parameter.                                              *
        *                                                          *
        ************************************************************

[90mstderr[2m | tests/locks.test.ts[2m > [22m[2mDistributed Lock Engine (lib/locks)[2m > [22m[2mshould allow acquisition if existing lock is expired
[22m[39m          
        ************************************************************
        *                                                          *
        *  WARNING: Running SQL directly from the browser can have *
        *  security implications. Even if your database is         *
        *  protected by Row-Level Security (RLS), use it at your   *
        *  own risk. This approach is great for fast prototyping,  *
        *  but ensure proper safeguards are in place to prevent    *
        *  misuse or execution of expensive SQL queries by your    *
        *  end users.                                              *
        *                                                          *
        *  If you've assessed the risks, suppress this message     *
        *  using the disableWarningInBrowsers configuration        *
        *  parameter.                                              *
        *                                                          *
        ************************************************************

[90mstderr[2m | tests/locks.test.ts[2m > [22m[2mDistributed Lock Engine (lib/locks)[2m > [22m[2mshould release a lock
[22m[39m          
        ************************************************************
        *                                                          *
        *  WARNING: Running SQL directly from the browser can have *
        *  security implications. Even if your database is         *
        *  protected by Row-Level Security (RLS), use it at your   *
        *  own risk. This approach is great for fast prototyping,  *
        *  but ensure proper safeguards are in place to prevent    *
        *  misuse or execution of expensive SQL queries by your    *
        *  end users.                                              *
        *                                                          *
        *  If you've assessed the risks, suppress this message     *
        *  using the disableWarningInBrowsers configuration        *
        *  parameter.                                              *
        *                                                          *
        ************************************************************

 [32m✓[39m tests/locks.test.ts[2m > [22mDistributed Lock Engine (lib/locks)[2m > [22mshould allow acquisition if existing lock is expired[33m 525[2mms[22m[39m
[90mstderr[2m | tests/locks.test.ts[2m > [22m[2mDistributed Lock Engine (lib/locks)[2m > [22m[2mshould release a lock
[22m[39m          
        ************************************************************
        *                                                          *
        *  WARNING: Running SQL directly from the browser can have *
        *  security implications. Even if your database is         *
        *  protected by Row-Level Security (RLS), use it at your   *
        *  own risk. This approach is great for fast prototyping,  *
        *  but ensure proper safeguards are in place to prevent    *
        *  misuse or execution of expensive SQL queries by your    *
        *  end users.                                              *
        *                                                          *
        *  If you've assessed the risks, suppress this message     *
        *  using the disableWarningInBrowsers configuration        *
        *  parameter.                                              *
        *                                                          *
        ************************************************************

[90mstderr[2m | tests/locks.test.ts[2m > [22m[2mDistributed Lock Engine (lib/locks)[2m > [22m[2mshould release a lock
[22m[39m          
        ************************************************************
        *                                                          *
        *  WARNING: Running SQL directly from the browser can have *
        *  security implications. Even if your database is         *
        *  protected by Row-Level Security (RLS), use it at your   *
        *  own risk. This approach is great for fast prototyping,  *
        *  but ensure proper safeguards are in place to prevent    *
        *  misuse or execution of expensive SQL queries by your    *
        *  end users.                                              *
        *                                                          *
        *  If you've assessed the risks, suppress this message     *
        *  using the disableWarningInBrowsers configuration        *
        *  parameter.                                              *
        *                                                          *
        ************************************************************

[90mstderr[2m | tests/locks.test.ts[2m > [22m[2mDistributed Lock Engine (lib/locks)[2m > [22m[2mshould release a lock
[22m[39m          
        ************************************************************
        *                                                          *
        *  WARNING: Running SQL directly from the browser can have *
        *  security implications. Even if your database is         *
        *  protected by Row-Level Security (RLS), use it at your   *
        *  own risk. This approach is great for fast prototyping,  *
        *  but ensure proper safeguards are in place to prevent    *
        *  misuse or execution of expensive SQL queries by your    *
        *  end users.                                              *
        *                                                          *
        *  If you've assessed the risks, suppress this message     *
        *  using the disableWarningInBrowsers configuration        *
        *  parameter.                                              *
        *                                                          *
        ************************************************************

[90mstderr[2m | tests/locks.test.ts[2m > [22m[2mDistributed Lock Engine (lib/locks)[2m > [22m[2mshould release a lock
[22m[39m          
        ************************************************************
        *                                                          *
        *  WARNING: Running SQL directly from the browser can have *
        *  security implications. Even if your database is         *
        *  protected by Row-Level Security (RLS), use it at your   *
        *  own risk. This approach is great for fast prototyping,  *
        *  but ensure proper safeguards are in place to prevent    *
        *  misuse or execution of expensive SQL queries by your    *
        *  end users.                                              *
        *                                                          *
        *  If you've assessed the risks, suppress this message     *
        *  using the disableWarningInBrowsers configuration        *
        *  parameter.                                              *
        *                                                          *
        ************************************************************

[90mstderr[2m | tests/locks.test.ts[2m > [22m[2mDistributed Lock Engine (lib/locks)[2m > [22m[2mshould execute withLock and release afterwards
[22m[39m          
        ************************************************************
        *                                                          *
        *  WARNING: Running SQL directly from the browser can have *
        *  security implications. Even if your database is         *
        *  protected by Row-Level Security (RLS), use it at your   *
        *  own risk. This approach is great for fast prototyping,  *
        *  but ensure proper safeguards are in place to prevent    *
        *  misuse or execution of expensive SQL queries by your    *
        *  end users.                                              *
        *                                                          *
        *  If you've assessed the risks, suppress this message     *
        *  using the disableWarningInBrowsers configuration        *
        *  parameter.                                              *
        *                                                          *
        ************************************************************

 [32m✓[39m tests/locks.test.ts[2m > [22mDistributed Lock Engine (lib/locks)[2m > [22mshould release a lock[33m 652[2mms[22m[39m
[90mstderr[2m | tests/locks.test.ts[2m > [22m[2mDistributed Lock Engine (lib/locks)[2m > [22m[2mshould execute withLock and release afterwards
[22m[39m          
        ************************************************************
        *                                                          *
        *  WARNING: Running SQL directly from the browser can have *
        *  security implications. Even if your database is         *
        *  protected by Row-Level Security (RLS), use it at your   *
        *  own risk. This approach is great for fast prototyping,  *
        *  but ensure proper safeguards are in place to prevent    *
        *  misuse or execution of expensive SQL queries by your    *
        *  end users.                                              *
        *                                                          *
        *  If you've assessed the risks, suppress this message     *
        *  using the disableWarningInBrowsers configuration        *
        *  parameter.                                              *
        *                                                          *
        ************************************************************

[90mstderr[2m | tests/locks.test.ts[2m > [22m[2mDistributed Lock Engine (lib/locks)[2m > [22m[2mshould execute withLock and release afterwards
[22m[39m          
        ************************************************************
        *                                                          *
        *  WARNING: Running SQL directly from the browser can have *
        *  security implications. Even if your database is         *
        *  protected by Row-Level Security (RLS), use it at your   *
        *  own risk. This approach is great for fast prototyping,  *
        *  but ensure proper safeguards are in place to prevent    *
        *  misuse or execution of expensive SQL queries by your    *
        *  end users.                                              *
        *                                                          *
        *  If you've assessed the risks, suppress this message     *
        *  using the disableWarningInBrowsers configuration        *
        *  parameter.                                              *
        *                                                          *
        ************************************************************

[90mstderr[2m | tests/stress.test.ts[2m > [22m[2mDashboard Concurrency & Load Stress[2m > [22m[2mshould handle simultaneous requests for multiple high-cap tickers without data corruption
[22m[39m          
        ************************************************************
        *                                                          *
        *  WARNING: Running SQL directly from the browser can have *
        *  security implications. Even if your database is         *
        *  protected by Row-Level Security (RLS), use it at your   *
        *  own risk. This approach is great for fast prototyping,  *
        *  but ensure proper safeguards are in place to prevent    *
        *  misuse or execution of expensive SQL queries by your    *
        *  end users.                                              *
        *                                                          *
        *  If you've assessed the risks, suppress this message     *
        *  using the disableWarningInBrowsers configuration        *
        *  parameter.                                              *
        *                                                          *
        ************************************************************

[90mstderr[2m | tests/locks.test.ts[2m > [22m[2mDistributed Lock Engine (lib/locks)[2m > [22m[2mshould execute withLock and release afterwards
[22m[39m          
        ************************************************************
        *                                                          *
        *  WARNING: Running SQL directly from the browser can have *
        *  security implications. Even if your database is         *
        *  protected by Row-Level Security (RLS), use it at your   *
        *  own risk. This approach is great for fast prototyping,  *
        *  but ensure proper safeguards are in place to prevent    *
        *  misuse or execution of expensive SQL queries by your    *
        *  end users.                                              *
        *                                                          *
        *  If you've assessed the risks, suppress this message     *
        *  using the disableWarningInBrowsers configuration        *
        *  parameter.                                              *
        *                                                          *
        ************************************************************

[90mstderr[2m | tests/stress.test.ts[2m > [22m[2mDashboard Concurrency & Load Stress[2m > [22m[2mshould handle simultaneous requests for multiple high-cap tickers without data corruption
[22m[39m          
        ************************************************************
        *                                                          *
        *  WARNING: Running SQL directly from the browser can have *
        *  security implications. Even if your database is         *
        *  protected by Row-Level Security (RLS), use it at your   *
        *  own risk. This approach is great for fast prototyping,  *
        *  but ensure proper safeguards are in place to prevent    *
        *  misuse or execution of expensive SQL queries by your    *
        *  end users.                                              *
        *                                                          *
        *  If you've assessed the risks, suppress this message     *
        *  using the disableWarningInBrowsers configuration        *
        *  parameter.                                              *
        *                                                          *
        ************************************************************

[90mstderr[2m | tests/locks.test.ts[2m > [22m[2mDistributed Lock Engine (lib/locks)[2m > [22m[2mshould execute withLock and release afterwards
[22m[39m          
        ************************************************************
        *                                                          *
        *  WARNING: Running SQL directly from the browser can have *
        *  security implications. Even if your database is         *
        *  protected by Row-Level Security (RLS), use it at your   *
        *  own risk. This approach is great for fast prototyping,  *
        *  but ensure proper safeguards are in place to prevent    *
        *  misuse or execution of expensive SQL queries by your    *
        *  end users.                                              *
        *                                                          *
        *  If you've assessed the risks, suppress this message     *
        *  using the disableWarningInBrowsers configuration        *
        *  parameter.                                              *
        *                                                          *
        ************************************************************

[90mstderr[2m | tests/stress.test.ts[2m > [22m[2mDashboard Concurrency & Load Stress[2m > [22m[2mshould handle simultaneous requests for multiple high-cap tickers without data corruption
[22m[39m          
        ************************************************************
        *                                                          *
        *  WARNING: Running SQL directly from the browser can have *
        *  security implications. Even if your database is         *
        *  protected by Row-Level Security (RLS), use it at your   *
        *  own risk. This approach is great for fast prototyping,  *
        *  but ensure proper safeguards are in place to prevent    *
        *  misuse or execution of expensive SQL queries by your    *
        *  end users.                                              *
        *                                                          *
        *  If you've assessed the risks, suppress this message     *
        *  using the disableWarningInBrowsers configuration        *
        *  parameter.                                              *
        *                                                          *
        ************************************************************

[90mstderr[2m | tests/stress.test.ts[2m > [22m[2mDashboard Concurrency & Load Stress[2m > [22m[2mshould handle simultaneous requests for multiple high-cap tickers without data corruption
[22m[39m          
        ************************************************************
        *                                                          *
        *  WARNING: Running SQL directly from the browser can have *
        *  security implications. Even if your database is         *
        *  protected by Row-Level Security (RLS), use it at your   *
        *  own risk. This approach is great for fast prototyping,  *
        *  but ensure proper safeguards are in place to prevent    *
        *  misuse or execution of expensive SQL queries by your    *
        *  end users.                                              *
        *                                                          *
        *  If you've assessed the risks, suppress this message     *
        *  using the disableWarningInBrowsers configuration        *
        *  parameter.                                              *
        *                                                          *
        ************************************************************

[90mstderr[2m | tests/stress.test.ts[2m > [22m[2mDashboard Concurrency & Load Stress[2m > [22m[2mshould handle simultaneous requests for multiple high-cap tickers without data corruption
[22m[39m          
        ************************************************************
        *                                                          *
        *  WARNING: Running SQL directly from the browser can have *
        *  security implications. Even if your database is         *
        *  protected by Row-Level Security (RLS), use it at your   *
        *  own risk. This approach is great for fast prototyping,  *
        *  but ensure proper safeguards are in place to prevent    *
        *  misuse or execution of expensive SQL queries by your    *
        *  end users.                                              *
        *                                                          *
        *  If you've assessed the risks, suppress this message     *
        *  using the disableWarningInBrowsers configuration        *
        *  parameter.                                              *
        *                                                          *
        ************************************************************

[90mstderr[2m | tests/stress.test.ts[2m > [22m[2mDashboard Concurrency & Load Stress[2m > [22m[2mshould handle simultaneous requests for multiple high-cap tickers without data corruption
[22m[39m          
        ************************************************************
        *                                                          *
        *  WARNING: Running SQL directly from the browser can have *
        *  security implications. Even if your database is         *
        *  protected by Row-Level Security (RLS), use it at your   *
        *  own risk. This approach is great for fast prototyping,  *
        *  but ensure proper safeguards are in place to prevent    *
        *  misuse or execution of expensive SQL queries by your    *
        *  end users.                                              *
        *                                                          *
        *  If you've assessed the risks, suppress this message     *
        *  using the disableWarningInBrowsers configuration        *
        *  parameter.                                              *
        *                                                          *
        ************************************************************

[90mstderr[2m | tests/locks.test.ts[2m > [22m[2mDistributed Lock Engine (lib/locks)[2m > [22m[2mshould execute withLock and release afterwards
[22m[39m          
        ************************************************************
        *                                                          *
        *  WARNING: Running SQL directly from the browser can have *
        *  security implications. Even if your database is         *
        *  protected by Row-Level Security (RLS), use it at your   *
        *  own risk. This approach is great for fast prototyping,  *
        *  but ensure proper safeguards are in place to prevent    *
        *  misuse or execution of expensive SQL queries by your    *
        *  end users.                                              *
        *                                                          *
        *  If you've assessed the risks, suppress this message     *
        *  using the disableWarningInBrowsers configuration        *
        *  parameter.                                              *
        *                                                          *
        ************************************************************

[90mstderr[2m | tests/stress.test.ts[2m > [22m[2mDashboard Concurrency & Load Stress[2m > [22m[2mshould handle simultaneous requests for multiple high-cap tickers without data corruption
[22m[39m          
        ************************************************************
        *                                                          *
        *  WARNING: Running SQL directly from the browser can have *
        *  security implications. Even if your database is         *
        *  protected by Row-Level Security (RLS), use it at your   *
        *  own risk. This approach is great for fast prototyping,  *
        *  but ensure proper safeguards are in place to prevent    *
        *  misuse or execution of expensive SQL queries by your    *
        *  end users.                                              *
        *                                                          *
        *  If you've assessed the risks, suppress this message     *
        *  using the disableWarningInBrowsers configuration        *
        *  parameter.                                              *
        *                                                          *
        ************************************************************

[90mstderr[2m | tests/stress.test.ts[2m > [22m[2mDashboard Concurrency & Load Stress[2m > [22m[2mshould handle simultaneous requests for multiple high-cap tickers without data corruption
[22m[39m          
        ************************************************************
        *                                                          *
        *  WARNING: Running SQL directly from the browser can have *
        *  security implications. Even if your database is         *
        *  protected by Row-Level Security (RLS), use it at your   *
        *  own risk. This approach is great for fast prototyping,  *
        *  but ensure proper safeguards are in place to prevent    *
        *  misuse or execution of expensive SQL queries by your    *
        *  end users.                                              *
        *                                                          *
        *  If you've assessed the risks, suppress this message     *
        *  using the disableWarningInBrowsers configuration        *
        *  parameter.                                              *
        *                                                          *
        ************************************************************

[90mstderr[2m | tests/stress.test.ts[2m > [22m[2mDashboard Concurrency & Load Stress[2m > [22m[2mshould handle simultaneous requests for multiple high-cap tickers without data corruption
[22m[39m          
        ************************************************************
        *                                                          *
        *  WARNING: Running SQL directly from the browser can have *
        *  security implications. Even if your database is         *
        *  protected by Row-Level Security (RLS), use it at your   *
        *  own risk. This approach is great for fast prototyping,  *
        *  but ensure proper safeguards are in place to prevent    *
        *  misuse or execution of expensive SQL queries by your    *
        *  end users.                                              *
        *                                                          *
        *  If you've assessed the risks, suppress this message     *
        *  using the disableWarningInBrowsers configuration        *
        *  parameter.                                              *
        *                                                          *
        ************************************************************

[90mstderr[2m | tests/stress.test.ts[2m > [22m[2mDashboard Concurrency & Load Stress[2m > [22m[2mshould handle simultaneous requests for multiple high-cap tickers without data corruption
[22m[39m          
        ************************************************************
        *                                                          *
        *  WARNING: Running SQL directly from the browser can have *
        *  security implications. Even if your database is         *
        *  protected by Row-Level Security (RLS), use it at your   *
        *  own risk. This approach is great for fast prototyping,  *
        *  but ensure proper safeguards are in place to prevent    *
        *  misuse or execution of expensive SQL queries by your    *
        *  end users.                                              *
        *                                                          *
        *  If you've assessed the risks, suppress this message     *
        *  using the disableWarningInBrowsers configuration        *
        *  parameter.                                              *
        *                                                          *
        ************************************************************

 [32m✓[39m tests/locks.test.ts[2m > [22mDistributed Lock Engine (lib/locks)[2m > [22mshould execute withLock and release afterwards[33m 783[2mms[22m[39m
[90mstderr[2m | tests/stress.test.ts[2m > [22m[2mDashboard Concurrency & Load Stress[2m > [22m[2mshould handle simultaneous requests for multiple high-cap tickers without data corruption
[22m[39m          
        ************************************************************
        *                                                          *
        *  WARNING: Running SQL directly from the browser can have *
        *  security implications. Even if your database is         *
        *  protected by Row-Level Security (RLS), use it at your   *
        *  own risk. This approach is great for fast prototyping,  *
        *  but ensure proper safeguards are in place to prevent    *
        *  misuse or execution of expensive SQL queries by your    *
        *  end users.                                              *
        *                                                          *
        *  If you've assessed the risks, suppress this message     *
        *  using the disableWarningInBrowsers configuration        *
        *  parameter.                                              *
        *                                                          *
        ************************************************************

[90mstderr[2m | tests/stress.test.ts[2m > [22m[2mDashboard Concurrency & Load Stress[2m > [22m[2mshould handle simultaneous requests for multiple high-cap tickers without data corruption
[22m[39m          
        ************************************************************
        *                                                          *
        *  WARNING: Running SQL directly from the browser can have *
        *  security implications. Even if your database is         *
        *  protected by Row-Level Security (RLS), use it at your   *
        *  own risk. This approach is great for fast prototyping,  *
        *  but ensure proper safeguards are in place to prevent    *
        *  misuse or execution of expensive SQL queries by your    *
        *  end users.                                              *
        *                                                          *
        *  If you've assessed the risks, suppress this message     *
        *  using the disableWarningInBrowsers configuration        *
        *  parameter.                                              *
        *                                                          *
        ************************************************************

[90mstderr[2m | tests/stress.test.ts[2m > [22m[2mDashboard Concurrency & Load Stress[2m > [22m[2mshould handle simultaneous requests for multiple high-cap tickers without data corruption
[22m[39m          
        ************************************************************
        *                                                          *
        *  WARNING: Running SQL directly from the browser can have *
        *  security implications. Even if your database is         *
        *  protected by Row-Level Security (RLS), use it at your   *
        *  own risk. This approach is great for fast prototyping,  *
        *  but ensure proper safeguards are in place to prevent    *
        *  misuse or execution of expensive SQL queries by your    *
        *  end users.                                              *
        *                                                          *
        *  If you've assessed the risks, suppress this message     *
        *  using the disableWarningInBrowsers configuration        *
        *  parameter.                                              *
        *                                                          *
        ************************************************************

[90mstderr[2m | tests/stress.test.ts[2m > [22m[2mDashboard Concurrency & Load Stress[2m > [22m[2mshould handle simultaneous requests for multiple high-cap tickers without data corruption
[22m[39m          
        ************************************************************
        *                                                          *
        *  WARNING: Running SQL directly from the browser can have *
        *  security implications. Even if your database is         *
        *  protected by Row-Level Security (RLS), use it at your   *
        *  own risk. This approach is great for fast prototyping,  *
        *  but ensure proper safeguards are in place to prevent    *
        *  misuse or execution of expensive SQL queries by your    *
        *  end users.                                              *
        *                                                          *
        *  If you've assessed the risks, suppress this message     *
        *  using the disableWarningInBrowsers configuration        *
        *  parameter.                                              *
        *                                                          *
        ************************************************************

[90mstderr[2m | tests/stress.test.ts[2m > [22m[2mDashboard Concurrency & Load Stress[2m > [22m[2mshould handle simultaneous requests for multiple high-cap tickers without data corruption
[22m[39m          
        ************************************************************
        *                                                          *
        *  WARNING: Running SQL directly from the browser can have *
        *  security implications. Even if your database is         *
        *  protected by Row-Level Security (RLS), use it at your   *
        *  own risk. This approach is great for fast prototyping,  *
        *  but ensure proper safeguards are in place to prevent    *
        *  misuse or execution of expensive SQL queries by your    *
        *  end users.                                              *
        *                                                          *
        *  If you've assessed the risks, suppress this message     *
        *  using the disableWarningInBrowsers configuration        *
        *  parameter.                                              *
        *                                                          *
        ************************************************************

[90mstderr[2m | tests/stress.test.ts[2m > [22m[2mDashboard Concurrency & Load Stress[2m > [22m[2mshould handle simultaneous requests for multiple high-cap tickers without data corruption
[22m[39m          
        ************************************************************
        *                                                          *
        *  WARNING: Running SQL directly from the browser can have *
        *  security implications. Even if your database is         *
        *  protected by Row-Level Security (RLS), use it at your   *
        *  own risk. This approach is great for fast prototyping,  *
        *  but ensure proper safeguards are in place to prevent    *
        *  misuse or execution of expensive SQL queries by your    *
        *  end users.                                              *
        *                                                          *
        *  If you've assessed the risks, suppress this message     *
        *  using the disableWarningInBrowsers configuration        *
        *  parameter.                                              *
        *                                                          *
        ************************************************************

[90mstderr[2m | tests/stress.test.ts[2m > [22m[2mDashboard Concurrency & Load Stress[2m > [22m[2mshould handle simultaneous requests for multiple high-cap tickers without data corruption
[22m[39m          
        ************************************************************
        *                                                          *
        *  WARNING: Running SQL directly from the browser can have *
        *  security implications. Even if your database is         *
        *  protected by Row-Level Security (RLS), use it at your   *
        *  own risk. This approach is great for fast prototyping,  *
        *  but ensure proper safeguards are in place to prevent    *
        *  misuse or execution of expensive SQL queries by your    *
        *  end users.                                              *
        *                                                          *
        *  If you've assessed the risks, suppress this message     *
        *  using the disableWarningInBrowsers configuration        *
        *  parameter.                                              *
        *                                                          *
        ************************************************************

[90mstderr[2m | tests/stress.test.ts[2m > [22m[2mDashboard Concurrency & Load Stress[2m > [22m[2mshould handle simultaneous requests for multiple high-cap tickers without data corruption
[22m[39m          
        ************************************************************
        *                                                          *
        *  WARNING: Running SQL directly from the browser can have *
        *  security implications. Even if your database is         *
        *  protected by Row-Level Security (RLS), use it at your   *
        *  own risk. This approach is great for fast prototyping,  *
        *  but ensure proper safeguards are in place to prevent    *
        *  misuse or execution of expensive SQL queries by your    *
        *  end users.                                              *
        *                                                          *
        *  If you've assessed the risks, suppress this message     *
        *  using the disableWarningInBrowsers configuration        *
        *  parameter.                                              *
        *                                                          *
        ************************************************************

[90mstderr[2m | tests/stress.test.ts[2m > [22m[2mDashboard Concurrency & Load Stress[2m > [22m[2mshould handle simultaneous requests for multiple high-cap tickers without data corruption
[22m[39m          
        ************************************************************
        *                                                          *
        *  WARNING: Running SQL directly from the browser can have *
        *  security implications. Even if your database is         *
        *  protected by Row-Level Security (RLS), use it at your   *
        *  own risk. This approach is great for fast prototyping,  *
        *  but ensure proper safeguards are in place to prevent    *
        *  misuse or execution of expensive SQL queries by your    *
        *  end users.                                              *
        *                                                          *
        *  If you've assessed the risks, suppress this message     *
        *  using the disableWarningInBrowsers configuration        *
        *  parameter.                                              *
        *                                                          *
        ************************************************************

[90mstderr[2m | tests/stress.test.ts[2m > [22m[2mDashboard Concurrency & Load Stress[2m > [22m[2mshould handle simultaneous requests for multiple high-cap tickers without data corruption
[22m[39m          
        ************************************************************
        *                                                          *
        *  WARNING: Running SQL directly from the browser can have *
        *  security implications. Even if your database is         *
        *  protected by Row-Level Security (RLS), use it at your   *
        *  own risk. This approach is great for fast prototyping,  *
        *  but ensure proper safeguards are in place to prevent    *
        *  misuse or execution of expensive SQL queries by your    *
        *  end users.                                              *
        *                                                          *
        *  If you've assessed the risks, suppress this message     *
        *  using the disableWarningInBrowsers configuration        *
        *  parameter.                                              *
        *                                                          *
        ************************************************************

[90mstderr[2m | tests/stress.test.ts[2m > [22m[2mDashboard Concurrency & Load Stress[2m > [22m[2mshould handle simultaneous requests for multiple high-cap tickers without data corruption
[22m[39m          
        ************************************************************
        *                                                          *
        *  WARNING: Running SQL directly from the browser can have *
        *  security implications. Even if your database is         *
        *  protected by Row-Level Security (RLS), use it at your   *
        *  own risk. This approach is great for fast prototyping,  *
        *  but ensure proper safeguards are in place to prevent    *
        *  misuse or execution of expensive SQL queries by your    *
        *  end users.                                              *
        *                                                          *
        *  If you've assessed the risks, suppress this message     *
        *  using the disableWarningInBrowsers configuration        *
        *  parameter.                                              *
        *                                                          *
        ************************************************************

[90mstderr[2m | tests/stress.test.ts[2m > [22m[2mDashboard Concurrency & Load Stress[2m > [22m[2mshould handle simultaneous requests for multiple high-cap tickers without data corruption
[22m[39m          
        ************************************************************
        *                                                          *
        *  WARNING: Running SQL directly from the browser can have *
        *  security implications. Even if your database is         *
        *  protected by Row-Level Security (RLS), use it at your   *
        *  own risk. This approach is great for fast prototyping,  *
        *  but ensure proper safeguards are in place to prevent    *
        *  misuse or execution of expensive SQL queries by your    *
        *  end users.                                              *
        *                                                          *
        *  If you've assessed the risks, suppress this message     *
        *  using the disableWarningInBrowsers configuration        *
        *  parameter.                                              *
        *                                                          *
        ************************************************************

[90mstderr[2m | tests/stress.test.ts[2m > [22m[2mDashboard Concurrency & Load Stress[2m > [22m[2mshould handle simultaneous requests for multiple high-cap tickers without data corruption
[22m[39m          
        ************************************************************
        *                                                          *
        *  WARNING: Running SQL directly from the browser can have *
        *  security implications. Even if your database is         *
        *  protected by Row-Level Security (RLS), use it at your   *
        *  own risk. This approach is great for fast prototyping,  *
        *  but ensure proper safeguards are in place to prevent    *
        *  misuse or execution of expensive SQL queries by your    *
        *  end users.                                              *
        *                                                          *
        *  If you've assessed the risks, suppress this message     *
        *  using the disableWarningInBrowsers configuration        *
        *  parameter.                                              *
        *                                                          *
        ************************************************************

[90mstderr[2m | tests/stress.test.ts[2m > [22m[2mDashboard Concurrency & Load Stress[2m > [22m[2mshould handle simultaneous requests for multiple high-cap tickers without data corruption
[22m[39m          
        ************************************************************
        *                                                          *
        *  WARNING: Running SQL directly from the browser can have *
        *  security implications. Even if your database is         *
        *  protected by Row-Level Security (RLS), use it at your   *
        *  own risk. This approach is great for fast prototyping,  *
        *  but ensure proper safeguards are in place to prevent    *
        *  misuse or execution of expensive SQL queries by your    *
        *  end users.                                              *
        *                                                          *
        *  If you've assessed the risks, suppress this message     *
        *  using the disableWarningInBrowsers configuration        *
        *  parameter.                                              *
        *                                                          *
        ************************************************************

[90mstdout[2m | tests/stress.test.ts[2m > [22m[2mDashboard Concurrency & Load Stress[2m > [22m[2mshould handle simultaneous requests for multiple high-cap tickers without data corruption
[22m[39m[Stress Test] Analytical Pipelines: 8/8 Success

 [32m✓[39m tests/stress.test.ts[2m > [22mDashboard Concurrency & Load Stress[2m > [22mshould handle simultaneous requests for multiple high-cap tickers without data corruption[33m 4516[2mms[22m[39m
 [32m✓[39m tests/stress.test.ts[2m > [22mDashboard Concurrency & Load Stress[2m > [22mshould handle rapid batch quote requests for global dashboard[32m 234[2mms[22m[39m
[90mstdout[2m | tests/stress.test.ts[2m > [22m[2mDashboard Concurrency & Load Stress[2m > [22m[2mshould maintain sub-second pulse latency from cache
[22m[39m[Stress Test] Cached Market Pulse Latency: 0ms

 [32m✓[39m tests/stress.test.ts[2m > [22mDashboard Concurrency & Load Stress[2m > [22mshould maintain sub-second pulse latency from cache[32m 0[2mms[22m[39m
[90mstderr[2m | tests/stress.test.ts[2m > [22m[2mDashboard Concurrency & Load Stress[2m > [22m[2mshould handle extremely deep history fetches for MAD filter scaling
[22m[39m          
        ************************************************************
        *                                                          *
        *  WARNING: Running SQL directly from the browser can have *
        *  security implications. Even if your database is         *
        *  protected by Row-Level Security (RLS), use it at your   *
        *  own risk. This approach is great for fast prototyping,  *
        *  but ensure proper safeguards are in place to prevent    *
        *  misuse or execution of expensive SQL queries by your    *
        *  end users.                                              *
        *                                                          *
        *  If you've assessed the risks, suppress this message     *
        *  using the disableWarningInBrowsers configuration        *
        *  parameter.                                              *
        *                                                          *
        ************************************************************

[90mstderr[2m | tests/stress.test.ts[2m > [22m[2mDashboard Concurrency & Load Stress[2m > [22m[2mshould handle extremely deep history fetches for MAD filter scaling
[22m[39m          
        ************************************************************
        *                                                          *
        *  WARNING: Running SQL directly from the browser can have *
        *  security implications. Even if your database is         *
        *  protected by Row-Level Security (RLS), use it at your   *
        *  own risk. This approach is great for fast prototyping,  *
        *  but ensure proper safeguards are in place to prevent    *
        *  misuse or execution of expensive SQL queries by your    *
        *  end users.                                              *
        *                                                          *
        *  If you've assessed the risks, suppress this message     *
        *  using the disableWarningInBrowsers configuration        *
        *  parameter.                                              *
        *                                                          *
        ************************************************************

[90mstderr[2m | tests/stress.test.ts[2m > [22m[2mDashboard Concurrency & Load Stress[2m > [22m[2mshould handle extremely deep history fetches for MAD filter scaling
[22m[39m          
        ************************************************************
        *                                                          *
        *  WARNING: Running SQL directly from the browser can have *
        *  security implications. Even if your database is         *
        *  protected by Row-Level Security (RLS), use it at your   *
        *  own risk. This approach is great for fast prototyping,  *
        *  but ensure proper safeguards are in place to prevent    *
        *  misuse or execution of expensive SQL queries by your    *
        *  end users.                                              *
        *                                                          *
        *  If you've assessed the risks, suppress this message     *
        *  using the disableWarningInBrowsers configuration        *
        *  parameter.                                              *
        *                                                          *
        ************************************************************

[90mstdout[2m | tests/stress.test.ts[2m > [22m[2mDashboard Concurrency & Load Stress[2m > [22m[2mshould handle extremely deep history fetches for MAD filter scaling
[22m[39m[Stress Test] 5Y Analytical Vector Prep: 2133ms

 [32m✓[39m tests/stress.test.ts[2m > [22mDashboard Concurrency & Load Stress[2m > [22mshould handle extremely deep history fetches for MAD filter scaling[33m 2134[2mms[22m[39m

[31m⎯⎯⎯⎯⎯⎯⎯[39m[1m[41m Failed Tests 3 [49m[22m[31m⎯⎯⎯⎯⎯⎯⎯[39m

[41m[1m FAIL [22m[49m tests/inference.test.ts[2m > [22mInference Engine - Circuit Breaker (lib/inference)[2m > [22mshould reset failure count on success
[31m[1mAssertionError[22m: expected 2 to be +0 // Object.is equality[39m

[32m- Expected[39m
[31m+ Received[39m

[32m- 0[39m
[31m+ 2[39m

[36m [2m❯[22m tests/inference.test.ts:[2m33:52[22m[39m
    [90m 31| [39m    [35mawait[39m [34mpredictNextHorizon[39m(dummySequence[33m,[39m tickerSuccess)[33m;[39m
    [90m 32| [39m    
    [90m 33| [39m    [34mexpect[39m([35mawait[39m [34mgetFromCache[39m([32m"ml_failure_count"[39m))[33m.[39m[34mtoBe[39m([34m0[39m)[33m;[39m
    [90m   | [39m                                                   [31m^[39m
    [90m 34| [39m  })[33m;[39m
    [90m 35| [39m

[31m[2m⎯⎯⎯⎯⎯⎯⎯⎯⎯⎯⎯⎯⎯⎯⎯⎯⎯⎯⎯⎯⎯⎯⎯⎯[1/3]⎯[22m[39m

[41m[1m FAIL [22m[49m tests/inference.test.ts[2m > [22mInference Engine - Circuit Breaker (lib/inference)[2m > [22mshould trip the circuit after 3 failures
[31m[1mAssertionError[22m: expected null to be 1 // Object.is equality[39m

[32m- Expected:[39m 
1

[31m+ Received:[39m 
null

[36m [2m❯[22m tests/inference.test.ts:[2m46:52[22m[39m
    [90m 44| [39m    [90m// Call 1[39m
    [90m 45| [39m    [35mawait[39m [34mpredictNextHorizon[39m(dummySequence[33m,[39m tickerFail [33m+[39m [32m"1"[39m)[33m;[39m
    [90m 46| [39m    [34mexpect[39m([35mawait[39m [34mgetFromCache[39m([32m"ml_failure_count"[39m))[33m.[39m[34mtoBe[39m([34m1[39m)[33m;[39m
    [90m   | [39m                                                   [31m^[39m
    [90m 47| [39m    [34mexpect[39m([35mawait[39m [34mgetFromCache[39m([32m"ml_circuit_tripped"[39m))[33m.[39m[34mtoBeFalsy[39m()[33m;[39m
    [90m 48| [39m

[31m[2m⎯⎯⎯⎯⎯⎯⎯⎯⎯⎯⎯⎯⎯⎯⎯⎯⎯⎯⎯⎯⎯⎯⎯⎯[2/3]⎯[22m[39m

[41m[1m FAIL [22m[49m tests/inference.test.ts[2m > [22mInference Engine - Circuit Breaker (lib/inference)[2m > [22mshould timeout and return fallback without tripping circuit on single timeout
[31m[1mAssertionError[22m: expected null to be 1 // Object.is equality[39m

[32m- Expected:[39m 
1

[31m+ Received:[39m 
null

[36m [2m❯[22m tests/inference.test.ts:[2m80:53[22m[39m
    [90m 78| [39m     const result = await predictNextHorizon(dummySequence, tickerTime…
    [90m 79| [39m     [34mexpect[39m(result[33m.[39msource)[33m.[39m[34mtoContain[39m([32m'Surgical Ensemble v4.2'[39m)[33m;[39m
    [90m 80| [39m     [34mexpect[39m([35mawait[39m [34mgetFromCache[39m([32m"ml_failure_count"[39m))[33m.[39m[34mtoBe[39m([34m1[39m)[33m;[39m
    [90m   | [39m                                                    [31m^[39m
    [90m 81| [39m  })[33m;[39m
    [90m 82| [39m})[33m;[39m

[31m[2m⎯⎯⎯⎯⎯⎯⎯⎯⎯⎯⎯⎯⎯⎯⎯⎯⎯⎯⎯⎯⎯⎯⎯⎯[3/3]⎯[22m[39m


[2m Test Files [22m [1m[31m1 failed[39m[22m[2m | [22m[1m[32m16 passed[39m[22m[90m (17)[39m
[2m      Tests [22m [1m[31m3 failed[39m[22m[2m | [22m[1m[32m66 passed[39m[22m[90m (69)[39m
[2m   Start at [22m 23:58:37
[2m   Duration [22m 11.14s[2m (transform 3.18s, setup 4.48s, import 9.27s, tests 13.35s, environment 35.60s)[22m

