scripts/check-cache.ts(1,30): error TS2307: Cannot find module './lib/cache' or its corresponding type declarations.
scripts/test-macro.ts(1,38): error TS2307: Cannot find module './lib/market-data' or its corresponding type declarations.
scripts/test-oracle.ts(1,43): error TS2307: Cannot find module './app/actions/ai' or its corresponding type declarations.
scripts/test-oracle.ts(2,33): error TS2307: Cannot find module './lib/market-data' or its corresponding type declarations.
scripts/test-oracle.ts(3,35): error TS2307: Cannot find module './lib/stock-details' or its corresponding type declarations.
scripts/test-pulse.ts(1,32): error TS2307: Cannot find module './app/actions' or its corresponding type declarations.
